mode: set
github.com/ceperapl/requester/pkg/taskexec/taskExecutor.go:43.40,52.2 3 1
github.com/ceperapl/requester/pkg/taskexec/taskExecutor.go:57.106,60.16 2 1
github.com/ceperapl/requester/pkg/taskexec/taskExecutor.go:60.16,62.3 1 1
github.com/ceperapl/requester/pkg/taskexec/taskExecutor.go:63.2,63.40 1 1
github.com/ceperapl/requester/pkg/taskexec/taskExecutor.go:63.40,64.32 1 1
github.com/ceperapl/requester/pkg/taskexec/taskExecutor.go:64.32,66.4 1 1
github.com/ceperapl/requester/pkg/taskexec/taskExecutor.go:69.2,70.16 2 1
github.com/ceperapl/requester/pkg/taskexec/taskExecutor.go:70.16,72.3 1 1
github.com/ceperapl/requester/pkg/taskexec/taskExecutor.go:74.2,76.16 3 1
github.com/ceperapl/requester/pkg/taskexec/taskExecutor.go:76.16,78.3 1 0
github.com/ceperapl/requester/pkg/taskexec/taskExecutor.go:80.2,81.38 2 1
github.com/ceperapl/requester/pkg/taskexec/taskExecutor.go:81.38,83.3 1 1
github.com/ceperapl/requester/pkg/taskexec/taskExecutor.go:85.2,94.25 2 1
github.com/ceperapl/requester/pkg/validator/validator.go:31.47,36.12 5 0
github.com/ceperapl/requester/pkg/validator/validator.go:36.12,38.3 1 0
github.com/ceperapl/requester/pkg/validator/validator.go:40.2,45.91 2 0
github.com/ceperapl/requester/pkg/validator/validator.go:45.91,47.3 1 0
github.com/ceperapl/requester/pkg/validator/validator.go:49.2,49.27 1 0
github.com/ceperapl/requester/pkg/validator/validator.go:49.27,50.41 1 0
github.com/ceperapl/requester/pkg/validator/validator.go:50.41,52.4 1 0
github.com/ceperapl/requester/pkg/validator/validator.go:55.2,55.24 1 0
github.com/ceperapl/requester/pkg/validator/validator.go:60.44,61.35 1 0
github.com/ceperapl/requester/pkg/validator/validator.go:61.35,62.72 1 0
github.com/ceperapl/requester/pkg/validator/validator.go:62.72,66.4 2 0
github.com/ceperapl/requester/pkg/validator/validator.go:68.3,68.13 1 0
github.com/ceperapl/requester/pkg/validator/validator.go:73.58,75.46 2 0
github.com/ceperapl/requester/pkg/validator/validator.go:75.46,77.35 2 0
github.com/ceperapl/requester/pkg/validator/validator.go:77.35,80.4 1 0
github.com/ceperapl/requester/pkg/validator/validator.go:81.3,82.31 2 0
github.com/ceperapl/requester/pkg/validator/validator.go:82.31,84.30 2 0
github.com/ceperapl/requester/pkg/validator/validator.go:84.30,86.5 1 0
github.com/ceperapl/requester/pkg/validator/validator.go:87.4,87.37 1 0
github.com/ceperapl/requester/pkg/validator/validator.go:90.3,90.53 1 0
github.com/ceperapl/requester/pkg/validator/validator.go:93.2,93.12 1 0
github.com/ceperapl/requester/pkg/validator/validator.go:97.71,99.52 2 0
github.com/ceperapl/requester/pkg/validator/validator.go:99.52,101.35 2 0
github.com/ceperapl/requester/pkg/validator/validator.go:101.35,104.4 1 0
github.com/ceperapl/requester/pkg/validator/validator.go:105.3,106.31 2 0
github.com/ceperapl/requester/pkg/validator/validator.go:106.31,108.30 2 0
github.com/ceperapl/requester/pkg/validator/validator.go:108.30,110.5 1 0
github.com/ceperapl/requester/pkg/validator/validator.go:111.4,111.37 1 0
github.com/ceperapl/requester/pkg/validator/validator.go:114.3,114.53 1 0
github.com/ceperapl/requester/pkg/validator/validator.go:117.2,117.12 1 0
github.com/ceperapl/requester/pkg/utils/retry.go:16.77,20.21 4 1
github.com/ceperapl/requester/pkg/utils/retry.go:20.21,22.28 2 1
github.com/ceperapl/requester/pkg/utils/retry.go:22.28,24.4 1 1
github.com/ceperapl/requester/pkg/utils/retry.go:25.3,27.11 3 1
github.com/ceperapl/requester/pkg/utils/retry.go:27.11,28.9 1 1
github.com/ceperapl/requester/pkg/utils/retry.go:31.2,33.12 2 1
